  401210     2730 Code                ABERROR_TEXT
  403940      1B1 Code                ABFILE_TEXT
  403AF4      159 Code                ABFUZZY_TEXT
  403C50       91 Code                ABRESIZE_TEXT
  403CE4      133 Code                ABTOOLBA_TEXT
  403E18     1CD4 Code                ABUTIL_TEXT
  405AEC     1C3E Code                ABWINDOW_TEXT
  40772C       7C Code                CWSYNCHC_TEXT
  4077A8      51A Code                EXCELMERGEEXAMPLE001_TEXT
  407CC4        9 Code                EXCELMERGEEXAMPLE_BC0_TEXT
  407CD0       13 Code                EXCELMERGEEXAMPLE_BC_TEXT
  407CE4       B0 Code                EXCELMERGEEXAMPLE_TEXT
  407D94       23 Code                IEXE32_TEXT
  407DB8      262 Code                INIT_TEXT
  40801C        D Code                INST00_TEXT
  409000     1290 Initialized Data    $DEFAULTERRORS_DATA
  40A290       23 Initialized Data    ABEIP_CONST
  40A2B4       3C Initialized Data    ABEIP_DATA
  40A2F0      17B Initialized Data    ABERROR_CONST
  40A46C      AD0 Initialized Data    ABERROR_DATA
  40AF3C        D Initialized Data    ABFILE_CONST
  40AF4C      147 Initialized Data    ABFILE_DATA
  40B094       B4 Initialized Data    ABFUZZY_DATA
  40B148       4C Initialized Data    ABTOOLBA_DATA
  40B194       81 Initialized Data    ABUTIL_CONST
  40B218      183 Initialized Data    ABUTIL_DATA
  40B39C        4 Initialized Data    ABWINDOW_CONST
  40B3A0       3F Initialized Data    ABWINDOW_DATA
  40B3E0       48 Initialized Data    CWSYNCHC_DATA
  40B428       75 Initialized Data    EXCELMERGEEXAMPLE001_CONST
  40B4A0      290 Initialized Data    EXCELMERGEEXAMPLE001_DATA
  40B730       17 Initialized Data    EXCELMERGEEXAMPLE_CONST
  40B748       1C Initialized Data    EXCELMERGEEXAMPLE_DATA
  40B764       44 Initialized Data    IEXE32_DATA
  40B7A8        0 Initialized Data    __CPPINI_CONS
  40B7A8      1DC Initialized Data    __CPPINI_CONST
  40B984        4 Initialized Data    __CPPINI_END
  40B988        0 Initialized Data    __INIVMT_CONS
  40B988       70 Initialized Data    __INIVMT_CONST
  40B9F8        0 Initialized Data    __INIVMT_CONST_END
  40BA00     1623 Un-initialized Data $FUZZYMATCHER_BSS
  40D024       40 Un-initialized Data ABEIP_BSS
  40D064      404 Un-initialized Data ABERROR_BSS
  40D468       10 Un-initialized Data ABFILE_BSS
  40D478        4 Un-initialized Data ABFUZZY_BSS
  40D47C      104 Un-initialized Data ABUTIL_BSS
  40D580      14C Un-initialized Data EXCELMERGEEXAMPLE_BSS
  40E000        8 __T_L_S__DAT
  40E008       A8 __T_L_S__DATA
  40E0B0        0 __T_L_S__DATA_END
  40E0B0        0 __T_L_S__BS
  40E0B0     1D40 __T_L_S__BSS
  40FDF0        0 __T_L_S__BSS_END

  40132C KILL_@_WINDOWCOMPONENT_@_HISTHANDLERCLASS@F15WINDOWCOMPONENT
  401330 RESET_@_WINDOWCOMPONENT_@_HISTHANDLERCLASS@F15WINDOWCOMPONENTUc
  401334 RESETREQUIRED_@_WINDOWCOMPONENT_@_HISTHANDLERCLASS@F15WINDOWCOMPONENT
  401338 SETALERTS_@_WINDOWCOMPONENT_@_HISTHANDLERCLASS@F15WINDOWCOMPONENT
  40133C TAKEEVENT_@_WINDOWCOMPONENT_@_HISTHANDLERCLASS@F15WINDOWCOMPONENT
  401344 UPDATE_@_WINDOWCOMPONENT_@_HISTHANDLERCLASS@F15WINDOWCOMPONENT
  401348 UPDATEWINDOW_@_WINDOWCOMPONENT_@_HISTHANDLERCLASS@F15WINDOWCOMPONENT
  40135C VLBPROC@F16HISTHANDLERCLASSls
  401408 TAKEEVENT@F16HISTHANDLERCLASS
  4014D0 INIT@F16HISTHANDLERCLASSBw10ERRORCLASS16ERRORHISTORYLIST
  4014DC _VLBPROC@F16HISTHANDLERCLASSls
  4014EC TAKEACCEPTED@F11MSGBOXCLASS
  401528 SETUPADDITIONALFEQS@F11MSGBOXCLASS
  4015B0 KILL@F11MSGBOXCLASS
  4015F0 INIT@F11MSGBOXCLASS
  4018A0 INIT@F11MSGBOXCLASSBw10ERRORCLASSOsbllll
  401938 FETCHSTDBUTTON@F11MSGBOXCLASSs
  40196C GETALLSTATUSVARIABLES@F10ERRORCLASS16ERRORSTATUSGROUP
  40199C GETERRORBUFFERFATALITY@F10ERRORCLASS
  4019CC GETERRORBUFFERTITLE@F10ERRORCLASS
  401A04 GETERRORBUFFERID@F10ERRORCLASS
  401A28 STOREERRORENTRY@F10ERRORCLASSUs
  401B58 GETHISTORYRESETONVIEW@F10ERRORCLASS
  401BA4 SETHISTORYRESETONVIEW@F10ERRORCLASSUc
  401BEC GETHISTORYVIEWLEVEL@F10ERRORCLASS
  401C38 SETHISTORYVIEWLEVEL@F10ERRORCLASSl
  401C80 GETHISTORYTHRESHOLD@F10ERRORCLASS
  401CCC SETHISTORYTHRESHOLD@F10ERRORCLASSl
  401D14 GETLOGERRORS@F10ERRORCLASS
  401D60 GETSILENT@F10ERRORCLASS
  401DAC SETDEFAULTCATEGORY@F10ERRORCLASSsa
  401DF4 GETDEFAULTCATEGORY@F10ERRORCLASS
  401E40 VIEWHISTORY@F10ERRORCLASS
  401E6C THROW@F10ERRORCLASSs
  401E80 TAKEUSER@F10ERRORCLASS
  401EEC TAKEPROGRAM@F10ERRORCLASS
  401EF4 TAKEOTHER@F10ERRORCLASS
  401EFC TAKENOTIFY@F10ERRORCLASS
  401F54 TAKEFATAL@F10ERRORCLASS
  401FE4 TAKEERROR@F10ERRORCLASSs
  4021E8 TAKEBENIGN@F10ERRORCLASS
  4021EC SUBSSTRING@F10ERRORCLASS
  4025C8 SETPROCEDURENAME@F10ERRORCLASSOsb
  402678 GETERRORENTRY@F10ERRORCLASSUs15ERRORENTRYGROUPl
  40271C GETERRORENTRY@F10ERRORCLASSUs15ERRORENTRYGROUP
  402750 SETID@F10ERRORCLASSUsl
  402788 SETID@F10ERRORCLASSUs
  4027A4 SETERRORS@F10ERRORCLASS
  402844 SETERRORLOG@F10ERRORCLASS17ERRORLOGINTERFACE
  4028E4 SETCATEGORY@F10ERRORCLASSssa
  402930 RESETHISTORY@F10ERRORCLASS
  402958 REMOVEERROR@F10ERRORCLASSUs
  402998 MESSAGEBOX@F10ERRORCLASSUcsbOsbOsblll
  402A30 MSG@F10ERRORCLASSsbOsbOsblll
  402DC8 MESSAGE@F10ERRORCLASSsll
  402E3C KILL@F10ERRORCLASS
  402EE0 INIT@F10ERRORCLASS16ERRORSTATUSCLASS
  402F3C INIT@F10ERRORCLASS
  403010 HISTORYMSG@F10ERRORCLASSsblll
  4031D0 GETPROCEDURENAME@F10ERRORCLASS
  4032A4 GETCATEGORY@F10ERRORCLASSs
  40332C ADDHISTORY@F10ERRORCLASS
  40335C ADDERRORS@F10ERRORCLASS10ERRORBLOCK
  403508 ADDERROR@F10ERRORCLASSUsRsbRsbUcsa
  4035B4 DESTRUCT@F10ERRORCLASS
  4035D0 CONSTRUCT@F10ERRORCLASS
  4035E8 DESTRUCT@F16ERRORSTATUSCLASS
  40361C CONSTRUCT@F16ERRORSTATUSCLASS
  403754 CLOSE_@_ERRORLOGINTERFACE_@_STANDARDERRORLOGCLASS@F17ERRORLOGINTERFACEUc
  40375C OPEN_@_ERRORLOGINTERFACE_@_STANDARDERRORLOGCLASS@F17ERRORLOGINTERFACEUc
  403764 TAKE_@_ERRORLOGINTERFACE_@_STANDARDERRORLOGCLASS@F17ERRORLOGINTERFACEsb
  403808 CLOSE@F21STANDARDERRORLOGCLASSUc
  403884 OPEN@F21STANDARDERRORLOGCLASSUc
  40392C DESTRUCT@F21STANDARDERRORLOGCLASS
  403938 CONSTRUCT@F21STANDARDERRORLOGCLASS
  40395C DESTRUCT@F12FILESMANAGER
  40399C CONSTRUCT@F12FILESMANAGER
  4039CC TRYREGET@F11FILEMANAGERsb
  403A74 POSITION@F11FILEMANAGER
  403AF4 SETOPTION@F10FUZZYCLASSUcUc
  403B58 KILL@F10FUZZYCLASS
  403B5C INIT@F10FUZZYCLASS
  403B70 CONSTRUCT@F10FUZZYCLASS
  403C50 TAKERESIZE@F17WINDOWRESIZECLASS
  403C58 KILL@F17WINDOWRESIZECLASS
  403CE4 TAKEEVENT@F12TOOLBARCLASSPl13WINDOWMANAGER
  403D10 SETTARGET@F12TOOLBARCLASSl
  403DB8 KILL@F12TOOLBARCLASS
  403DD0 INIT@F12TOOLBARCLASS
  403DF0 DISPLAYBUTTONS@F12TOOLBARCLASS
  403E18 SETMASK@F15SELECTFILECLASSsbsb
  403E94 SETMASK@F15SELECTFILECLASSsb
  403EE4 ASK@F15SELECTFILECLASSUc
  404044 ADDMASK@F15SELECTFILECLASSsb
  404100 INIT@F15SELECTFILECLASS
  404128 UPDATEQUEUE@F8INICLASSsbsbBqRuPuPuPu
  40434C UPDATE@F8INICLASSsbsbsb
  404408 UPDATE@F8INICLASSsbBw
  4045E8 UPDATE@F8INICLASS
  4045EC TRYFETCH@F8INICLASSsbsb
  404664 REMOVE@F8INICLASSsbsb
  4047C4 KILL@F8INICLASS
  4048FC INIT@F8INICLASSsbll
  404A14 FETCHQUEUE@F8INICLASSsbsbBqRuPuPuPu
  404C88 FETCHFIELD@F8INICLASSsbsbUc
  404DC8 FETCH@F8INICLASSsbsbRu
  404E8C FETCH@F8INICLASSsbBw
  4050EC FETCH@F8INICLASSsbsb
  4051C4 FETCH@F8INICLASS
  4051C8 UPDATEWINDOWINFO@F8INICLASSsb10WINDOWINFO
  405434 FETCHWINDOWINFO@F8INICLASSsb10WINDOWINFO
  4056AC UPDATE@F8INICLASSsbsbsbsb
  405898 FETCH@F8INICLASSsbsbsbsb
  405ABC DESTRUCT@F8INICLASS
  405AD8 CONSTRUCT@F8INICLASS
  405BD0 ONCLOSEEVENTCANCELLED@F13WINDOWMANAGER
  405BE8 SAVEONINSERTACTION@F13WINDOWMANAGER
  405C8C SAVEONCHANGEACTION@F13WINDOWMANAGER
  405D98 DELETEACTION@F13WINDOWMANAGER
  405F40 CHANGEACTION@F13WINDOWMANAGER
  4062A4 INSERTACTION@F13WINDOWMANAGER
  406494 TAKEDISABLEBUTTON@F13WINDOWMANAGERlUc
  4064BC UPDATE@F13WINDOWMANAGER
  4064F8 TAKEWINDOWEVENT@F13WINDOWMANAGER
  406720 TAKESELECTED@F13WINDOWMANAGER
  406724 TAKEREJECTED@F13WINDOWMANAGER
  406760 TAKENOTIFY@F13WINDOWMANAGERlll
  406764 TAKENEWSELECTION@F13WINDOWMANAGER
  4067E4 TAKEFIELDEVENT@F13WINDOWMANAGER
  4067E8 TAKEEVENT@F13WINDOWMANAGER
  40699C TAKECLOSEEVENT@F13WINDOWMANAGER
  406B1C TAKECOMPLETED@F13WINDOWMANAGER
  406BF4 TAKEACCEPTED@F13WINDOWMANAGER
  406CE0 SETRESPONSE@F13WINDOWMANAGERUc
  406D2C SETALERTS@F13WINDOWMANAGER
  406DDC SAVEHISTORY@F13WINDOWMANAGER
  406E84 RUN@F13WINDOWMANAGERUsUc
  406E88 RUN@F13WINDOWMANAGER
  406ED4 RESTOREFIELD@F13WINDOWMANAGERl
  406FA8 RESETBUFFERS@F13WINDOWMANAGERUc
  40700C RESET@F13WINDOWMANAGERUc
  407094 PRIMEUPDATE@F13WINDOWMANAGER
  4071D8 PRIMEFIELDS@F13WINDOWMANAGER
  4071DC POSTCOMPLETED@F13WINDOWMANAGER
  407274 OPEN@F13WINDOWMANAGERBwBw
  4072BC OPEN@F13WINDOWMANAGER
  407300 MODALEVENT@F13WINDOWMANAGER
  4073E4 KILL@F13WINDOWMANAGER
  407538 INIT@F13WINDOWMANAGER
  4075B4 ASK@F13WINDOWMANAGER
  407618 ADDITEM@F13WINDOWMANAGER15WINDOWCOMPONENT
  407644 ADDITEM@F13WINDOWMANAGER12TOOLBARCLASS
  407658 ADDITEM@F13WINDOWMANAGERlUc
  40767C DISABLECANCELCONTROLS@F13WINDOWMANAGER
  4076D4 ENABLECANCELCONTROLS@F13WINDOWMANAGER
  40772C DESTRUCT@F15CRITICALSECTION
  407740 CONSTRUCT@F15CRITICALSECTION
  407754 KILL@F17CRITICALPROCEDURE
  407778 INIT@F17CRITICALPROCEDURE11ISYNCOBJECT
  407798 DESTRUCT@F17CRITICALPROCEDURE
  4077A0 CONSTRUCT@F17CRITICALPROCEDURE
  407B80 MAIN@F
  407CC4 EXCELMERGEEXAMPLE_BC0$EXCELMERGEEXAMPLE_BC0:FILESINIT@F
  407CC8 EXCELMERGEEXAMPLE_BC0$EXCELMERGEEXAMPLE_BC0:DCTKILL@F
  407CCC EXCELMERGEEXAMPLE_BC0$EXCELMERGEEXAMPLE_BC0:DCTINIT@F
  407CD0 DCTKILL@F
  407CD8 DCTINIT@F
  407CE4 _main
  407D7C DESTRUCT@F10DICTIONARY
  407D84 CONSTRUCT@F10DICTIONARY
  40801C __thr_inst0
  409000 $DEFAULTERRORS
  40A2B4 TYPE$COLORMAP
  40A2E0 TCB$COLORMAP
  40A46C STDERRORFILE$TYPE$RECORD
  40A484 $STDERRORFILE
  40A500 TYPE$PNQ
  40A520 TYPE$DEFAULTERRORS
  40A7A0 TYPE$HISTHANDLERCLASS
  40A7E8 VMT$HISTHANDLERCLASS
  40A818 TYPE$MSGBOXCLASS
  40AA90 VMT$MSGBOXCLASS
  40AB1C TYPE$ERRORCLASS
  40AD88 VMT$ERRORCLASS
  40ADD8 TYPE$STANDARDERRORLOGCLASS
  40AE10 VMT$STANDARDERRORLOGCLASS
  40AE28 TYPE$ERRORSTATUSCLASS
  40AF30 VMT$ERRORSTATUSCLASS
  40AF4C TYPE$UNTHREADEDFILEOPENERMAP
  40AF70 TCB$UNTHREADEDFILEOPENERMAP
  40AF80 TYPE$FILESMANAGER
  40AFC4 VMT$FILESMANAGER
  40AFD0 TYPE$FILEMAPPING_T
  40AFFC TYPE$FILEMAPPING_R
  40B02C TYPE$STATUSQ_T
  40B094 TYPE$FUZZYCLASS
  40B13C VMT$FUZZYCLASS
  40B148 TYPE$TOOLBARTARGETQUEUE
  40B164 TYPE$TOOLBARCLASS
  40B17C VMT$TOOLBARCLASS
  40B230 TYPE$SELECTFILECLASS
  40B2BC VMT$SELECTFILECLASS
  40B2C8 TYPE$INICLASS
  40B310 VMT$INICLASS
  40B3A0 TYPE$BUTTONLIST
  40B3C4 TYPE$COMPONENTLIST
  40B3E0 TYPE$CRITICALSECTION
  40B3F8 VMT$CRITICALSECTION
  40B404 TYPE$CRITICALPROCEDURE
  40B41C VMT$CRITICALPROCEDURE
  40B748 TYPE$DICTIONARY
  40B758 VMT$DICTIONARY
  40B988 VMTP$DICTIONARY
  40B998 VMTP$FILESMANAGER
  40B9A0 VMTP$SELECTFILECLASS
  40B9A8 VMTP$INICLASS
  40B9B0 VMTP$TOOLBARCLASS
  40B9B8 VMTP$HISTHANDLERCLASS
  40B9C0 VMTP$MSGBOXCLASS
  40B9C8 VMTP$ERRORCLASS
  40B9D0 VMTP$STANDARDERRORLOGCLASS
  40B9D8 VMTP$ERRORSTATUSCLASS
  40B9E0 VMTP$FUZZYCLASS
  40B9E8 VMTP$CRITICALSECTION
  40B9F0 VMTP$CRITICALPROCEDURE
  40BA00 $FUZZYMATCHER
  40D024 $COLORMAP
  40D05C $MULTIWINDOW
  40D060 $TXTWINDOW
  40D064 $WINDOW
  40D068 STDERRORFILE$RECORD
  40D468 $UNTHREADEDFILEOPENERMAP
  40D470 $CREATEOPENERCRIT
  40D580 $GLOBALERRORS
  40D5B4 $INIMGR
  40E0B0 $GLOBALERRORSTATUS
  40F4D4 $GLOBALREQUEST
  40F4D8 $GLOBALRESPONSE
  40F4DC $VCRREQUEST
  40F4E0 $DICTIONARY
  40F4E4 $FILESMANAGER
  40F4FC $SZDBTEXTLOG
  410000 __import_section_start
  410E0C __import_section_end

Imports
ClaASC.dll:ASCII 410058
ClaRUN.dll:Cla$ACCEPTED 41024C,401000
ClaRUN.dll:Cla$ADDqueue 410250
ClaRUN.dll:Cla$AssignRefUfo 410254
ClaRUN.dll:Cla$BEEP 410258,401008
ClaRUN.dll:Cla$CLEAR 41025C
ClaRUN.dll:Cla$CLOCK 410260,401010
ClaRUN.dll:Cla$CLOSEwindow 410264,401018
ClaRUN.dll:Cla$code 410268
ClaRUN.dll:Cla$comparestr 41026C
ClaRUN.dll:Cla$DecDistinct 410270
ClaRUN.dll:Cla$DecDistinctR 410274
ClaRUN.dll:Cla$DELETEqueue 410278,401020
ClaRUN.dll:Cla$DELETEREG 41027C,401028
ClaRUN.dll:Cla$DISABLE 410280,401030
ClaRUN.dll:Cla$DISPLAY 410284,401038
ClaRUN.dll:Cla$DISPOSEqueue 410288
ClaRUN.dll:Cla$DISPOSEref 41028C
ClaRUN.dll:Cla$Dlongpower 410290
ClaRUN.dll:Cla$DPopLong 410294
ClaRUN.dll:Cla$DPushLong 410298
ClaRUN.dll:Cla$ENABLE 41029C,401040
ClaRUN.dll:Cla$EndEventLoop 4102A0
ClaRUN.dll:Cla$ERRORCODE 4102A4,401048
ClaRUN.dll:Cla$ERRORFILE 4102A8,401050
ClaRUN.dll:Cla$EVENT 4102AC,401058
ClaRUN.dll:Cla$FIELD 4102B0,401060
ClaRUN.dll:Cla$FILEDIALOG 4102B4,401068
ClaRUN.dll:Cla$FILEERRORCODE 4102B8,401070
ClaRUN.dll:Cla$FILEERRORMSG 4102BC,401078
ClaRUN.dll:Cla$FileExists 4102C0,401080
ClaRUN.dll:Cla$FILE_ADDf 4102C4
ClaRUN.dll:Cla$FILE_CLOSE 4102C8,401088
ClaRUN.dll:Cla$FILE_CREATE 4102CC
ClaRUN.dll:CLA$FILE_DESTROY 4102D0
ClaRUN.dll:Cla$FILE_NAME 4102D4,401090
ClaRUN.dll:Cla$FILE_OPEN 4102D8,401098
ClaRUN.dll:Cla$FILE_POSITIONf 4102DC,4010A0
ClaRUN.dll:Cla$FILE_POSITIONk 4102E0,4010A8
ClaRUN.dll:Cla$FILE_REGETf 4102E4,4010B0
ClaRUN.dll:Cla$FILE_REGETk 4102E8,4010B8
ClaRUN.dll:Cla$FOCUS 4102EC,4010C0
ClaRUN.dll:Cla$FREEqueue 4102F0
ClaRUN.dll:Cla$FREEqueuea 4102F4,4010C8
ClaRUN.dll:Cla$freestr 4102F8
ClaRUN.dll:Cla$FreeUfo 4102FC
ClaRUN.dll:Cla$freewindow 410300
ClaRUN.dll:Cla$GETINI 410304,4010D0
ClaRUN.dll:Cla$GetPropS 410308
ClaRUN.dll:Cla$GETqueuekey 41030C,4010D8
ClaRUN.dll:Cla$GETqueueptr 410310
ClaRUN.dll:Cla$GETREG 410314,4010E0
ClaRUN.dll:Cla$HALT 410318,4010E8
ClaRUN.dll:Cla$INSTANCE 41031C,4010F0
ClaRUN.dll:Cla$KEYCODE 410320,4010F8
ClaRUN.dll:Cla$longtostr 410324
ClaRUN.dll:Cla$Mem2Ufo 410328
ClaRUN.dll:Cla$MessageBox 41032C,401100
ClaRUN.dll:Cla$NewMemB 410330
ClaRUN.dll:Cla$NewMemT 410334
ClaRUN.dll:Cla$NEWqueue 410338
ClaRUN.dll:Cla$NOTIFICATION 41033C,401108
ClaRUN.dll:Cla$OPENowned 410340,401110
ClaRUN.dll:Cla$OPENwindow 410344,401118
ClaRUN.dll:Cla$POINTERqueue 410348,401120
ClaRUN.dll:Cla$PopAString 41034C
ClaRUN.dll:Cla$PopBind 410350,401128
ClaRUN.dll:Cla$PopCString 410354
ClaRUN.dll:Cla$PopString 410358
ClaRUN.dll:Cla$PopTemp 41035C
ClaRUN.dll:Cla$POST 410360,401130
ClaRUN.dll:Cla$PushAString 410364
ClaRUN.dll:Cla$PushBind 410368,401138
ClaRUN.dll:Cla$PushCString 41036C
ClaRUN.dll:Cla$PushLong 410370
ClaRUN.dll:Cla$PushNull 410374
ClaRUN.dll:Cla$PushPictLong 410378
ClaRUN.dll:Cla$PushString 41037C
ClaRUN.dll:Cla$PushUfo 410380
ClaRUN.dll:Cla$PUTINI 410384,401140
ClaRUN.dll:Cla$PUTqueue 410388
ClaRUN.dll:Cla$PUTREG 41038C,401148
ClaRUN.dll:Cla$pwopen 410390,401150
ClaRUN.dll:Cla$RECORDSqueue 410394,401158
ClaRUN.dll:Cla$RefAssignAny 410398
ClaRUN.dll:Cla$SELECT 41039C,401160
ClaRUN.dll:Cla$SETCURSOR 4103A0,401168
ClaRUN.dll:Cla$SETKEYCODE 4103A4,401170
ClaRUN.dll:Cla$SETPATH 4103A8,401178
ClaRUN.dll:Cla$SetPropS 4103AC
ClaRUN.dll:Cla$SetPropV 4103B0
ClaRUN.dll:Cla$SHORTPATH 4103B4,401180
ClaRUN.dll:Cla$Stack2DStack 4103B8
ClaRUN.dll:Cla$Stack2Ufo 4103BC
ClaRUN.dll:Cla$StackCLIP 4103C0,401188
ClaRUN.dll:Cla$StackCompareN 4103C4
ClaRUN.dll:Cla$StackCompareNEQ 4103C8
ClaRUN.dll:Cla$StackConcat 4103CC
ClaRUN.dll:Cla$StackConcatR 4103D0
ClaRUN.dll:Cla$StackErrstr 4103D4,401190
ClaRUN.dll:Cla$StackHeap 4103D8
ClaRUN.dll:Cla$StackINSTRING 4103DC,401198
ClaRUN.dll:Cla$StackLen 4103E0,4011A0
ClaRUN.dll:Cla$STACKpop 4103E4
ClaRUN.dll:Cla$StackRotate 4103E8
ClaRUN.dll:Cla$StackSUB 4103EC,4011A8
ClaRUN.dll:Cla$StackUPPER 4103F0,4011B0
ClaRUN.dll:Cla$StartEventLoop 4103F4
ClaRUN.dll:Cla$storecstr 4103F8
ClaRUN.dll:Cla$storestr 4103FC
ClaRUN.dll:Cla$THREAD 410400,4011B8
ClaRUN.dll:Cla$TODAY 410404,4011C0
ClaRUN.dll:Cla$UNHIDE 410408,4011C8
ClaRUN.dll:Cla$UNREGISTEREVENT 41040C,4011D0
ClaRUN.dll:Cla$WHAT 410410,4011D8
ClaRUN.dll:Cla$YIELD 410414,4011E0
ClaRUN.dll:NewCriticalSection 410418,4011E8
ClaRUN.dll:THR$GetInstance 41041C,4011F0
ClaRUN.dll:_exit 410420,4011F8
ClaRUN.dll:_free 410424
ClaRUN.dll:_malloc 410428
ClaRUN.dll:__sysinit 41042C,401200
ClaRUN.dll:__sysstart 410430,401208
ExcelMerge.dll:CreateGeneratedFile 410440



Entry Point:   407D94